
ASEM-51 V1.3                                         Copyright (c) 2002 by W.W. Heinz                                         PAGE 1





       MCS-51 Family Macro Assembler   A S E M - 5 1   V 1.3
       =====================================================



	Source File:	E:\Kampus\Prak Sismik\UTS P.SISMIK A1_FITRI AULIA R\Password Based Security System.asm
	Object File:	E:\Kampus\Prak Sismik\UTS P.SISMIK A1_FITRI AULIA R\Password Based Security System.hex
	List File:	E:\Kampus\Prak Sismik\UTS P.SISMIK A1_FITRI AULIA R\Password Based Security System.lst



 Line  I  Addr  Code            Source

    1:		B      00A7	RS EQU P2.7
    2:		B      00A6	RW EQU P2.6
    3:		B      00A5	E  EQU P2.5
    4:		N      0041	SEL EQU 41H
    5:
    6:	  0000			START:
    7:		N      0000	ORG 000H
    8:	  0000	C2 A0		CLR P2.0
    9:	  0002	75 89 21	MOV TMOD,#00100001B
   10:	  0005	75 8D FD	MOV TH1,#253D
   11:	  0008	75 98 50	MOV SCON,#50H
   12:	  000B	D2 8E		SETB TR1
   13:	  000D	11 3E		ACALL LCD_INIT
   14:	  000F	90 01 90	MOV DPTR,#TEXT1
   15:	  0012	11 48		ACALL LCD_OUT
   16:	  0014	11 59		ACALL LINE2
   17:	  0016	90 01 9F	MOV DPTR,#TEXT2
   18:	  0019	11 48		ACALL LCD_OUT
   19:
   20:
   21:	  001B			UTAMA:
   22:	  001B	11 3E			ACALL LCD_INIT
   23:	  001D	90 01 90	     	MOV DPTR,#TEXT1
   24:	  0020	11 48		     	ACALL LCD_OUT
   25:	  0022	11 59		     	ACALL LINE2
   26:	  0024	90 01 9F	     	MOV DPTR,#TEXT2
   27:	  0027	C2 A0		     	CLR P2.0
   28:	  0029	11 48		     	ACALL LCD_OUT
   29:	  002B	11 97		     	ACALL DELAY1
   30:	  002D	11 97		     	ACALL DELAY1
   31:	  002F	11 BF		     	ACALL READ_KEYPRESS
   32:	  0031	11 5E		     	ACALL LINE1
   33:	  0033	90 01 BE	     	MOV DPTR,#CHKMSG
   34:	  0036	11 48		     	ACALL LCD_OUT
   35:	  0038	11 97		 	ACALL DELAY1
   36:	  003A	11 D9		     	ACALL CHECK_PASSWORD
   37:	  003C	80 DD		     	SJMP UTAMA
   38:
   39:	  003E			LCD_INIT:
   40:	  003E	90 01 8A		MOV DPTR,#INIT_COMMANDS
   41:	  0041	D2 41		        SETB SEL
   42:	  0043	11 48		        ACALL LCD_OUT
   43:	  0045	C2 41		        CLR SEL

ASEM-51 V1.3                                         Copyright (c) 2002 by W.W. Heinz                                         PAGE 2



 Line  I  Addr  Code            Source

   44:	  0047	22		        RET
   45:
   46:	  0048			LCD_OUT:
   47:	  0048	E4			CLR A
   48:	  0049	93		        MOVC A,@A+DPTR
   49:	  004A	60 0C		        JZ EXIT
   50:	  004C	A3		        INC DPTR
   51:	  004D	20 41 04	        JB SEL,CMD
   52:	  0050	11 75		        ACALL DATA_WRITE
   53:	  0052	80 F4		        SJMP LCD_OUT
   54:	  0054			CMD:
   55:	  0054	11 68			ACALL CMD_WRITE
   56:	  0056	80 F0		        SJMP LCD_OUT
   57:	  0058	22		EXIT:	RET
   58:
   59:	  0059			LINE2:
   60:	  0059	74 C0			MOV A,#0C0H
   61:	  005B	11 68		    	ACALL CMD_WRITE
   62:	  005D	22		    	RET
   63:
   64:	  005E			LINE1:
   65:	  005E	74 80			MOV A,#80H
   66:	  0060	11 68			ACALL CMD_WRITE
   67:	  0062	22			RET
   68:
   69:	  0063			CLRSCR:
   70:	  0063	74 01			MOV A,#01H
   71:	  0065	11 68			ACALL CMD_WRITE
   72:	  0067	22			RET
   73:
   74:	  0068			CMD_WRITE:
   75:	  0068	F5 80			MOV P0,A
   76:	  006A	C2 A7		    	CLR RS
   77:	  006C	C2 A6		    	CLR RW
   78:	  006E	D2 A5		    	SETB E
   79:	  0070	C2 A5		    	CLR E
   80:	  0072	11 82		    	ACALL DELAY
   81:	  0074	22		    	RET
   82:
   83:	  0075			DATA_WRITE:
   84:	  0075	F5 80			MOV P0,A
   85:	  0077	D2 A7		    	SETB RS
   86:	  0079	C2 A6		    	CLR RW
   87:	  007B	D2 A5		    	SETB E
   88:	  007D	C2 A5		    	CLR E
   89:	  007F	11 82		    	ACALL DELAY
   90:	  0081	22		    	RET
   91:
   92:	  0082			DELAY:
   93:	  0082	C2 A5			CLR E
   94:	  0084	C2 A7		    	CLR RS
   95:	  0086	D2 A6		    	SETB RW
   96:	  0088	75 80 FF	    	MOV P0,#0FFh
   97:	  008B	D2 A5		    	SETB E
   98:	  008D	E5 80		  	MOV A,P0
   99:	  008F	20 E7 F0	    	JB ACC.7,DELAY

ASEM-51 V1.3                                         Copyright (c) 2002 by W.W. Heinz                                         PAGE 3



 Line  I  Addr  Code            Source

  100:	  0092	C2 A5		    	CLR E
  101:	  0094	C2 A6		    	CLR RW
  102:	  0096	22		    	RET
  103:
  104:	  0097			DELAY1:
  105:	  0097	7B 2E			MOV R3,#46D
  106:
  107:	  0099			BACK:
  108:	  0099	75 8C 00		MOV TH0,#00000000B
  109:	  009C	75 8A 00	       	MOV TL0,#00000000B
  110:	  009F	D2 8C		       	SETB TR0
  111:
  112:	  00A1			HERE1:
  113:	  00A1	30 8D FD		JNB TF0,HERE1
  114:	  00A4	C2 8C		 	CLR TR0
  115:	  00A6	C2 8D		       	CLR TF0
  116:	  00A8	DB EF		       	DJNZ R3,BACK
  117:	  00AA	22		       	RET
  118:
  119:	  00AB			DELAY2:
  120:	  00AB	7B FA			MOV R3,#250D
  121:
  122:	  00AD			BACK2:
  123:	  00AD	75 8C FC		MOV TH0,#0FCH
  124:	  00B0	75 8A 18	        MOV TL0,#018H
  125:	  00B3	D2 8C		        SETB TR0
  126:
  127:	  00B5	30 8D FD	HERE2:  JNB TF0,HERE2
  128:	  00B8	C2 8C		        CLR TR0
  129:	  00BA	C2 8D		        CLR TF0
  130:	  00BC	DB EF		        DJNZ R3,BACK2
  131:	  00BE	22		        RET
  132:
  133:
  134:	  00BF			READ_KEYPRESS:
  135:	  00BF	11 63			ACALL CLRSCR
  136:	  00C1	11 5E			ACALL LINE1
  137:	  00C3	90 01 AF		MOV DPTR,#IPMSG
  138:	  00C6	11 48			ACALL LCD_OUT
  139:	  00C8	11 59			ACALL LINE2
  140:	  00CA	78 05			MOV R0,#5D
  141:	  00CC	79 A0			MOV R1,#160D
  142:	  00CE	31 16			ROTATE:ACALL KEY_SCAN
  143:	  00D0	F7			MOV @R1,A
  144:	  00D1	11 75			ACALL DATA_WRITE
  145:	  00D3	11 AB			ACALL DELAY2
  146:	  00D5	09			INC R1
  147:	  00D6	D8 F6			DJNZ R0,ROTATE
  148:	  00D8	22			RET
  149:
  150:	  00D9			CHECK_PASSWORD:
  151:	  00D9	78 05			MOV R0,#5D
  152:	  00DB	79 A0			MOV R1,#160D
  153:	  00DD	90 02 0A		MOV DPTR,#PASSW
  154:	  00E0			RPT:
  155:	  00E0	E4			CLR A

ASEM-51 V1.3                                         Copyright (c) 2002 by W.W. Heinz                                         PAGE 4



 Line  I  Addr  Code            Source

  156:	  00E1	93			MOVC A,@A+DPTR
  157:	  00E2	67			XRL A,@R1
  158:	  00E3	70 1C			JNZ FAIL
  159:	  00E5	09			INC R1
  160:	  00E6	A3			INC DPTR
  161:	  00E7	D8 F7			DJNZ R0,RPT
  162:	  00E9	11 63			ACALL CLRSCR
  163:	  00EB	11 5E			ACALL LINE1
  164:	  00ED	90 01 D0		MOV DPTR,#TEXT_S1
  165:	  00F0	11 48			ACALL LCD_OUT
  166:	  00F2	11 59			ACALL LINE2
  167:	  00F4	11 97			ACALL DELAY1
  168:	  00F6	D2 A0			SETB P2.0
  169:	  00F8	90 01 E1		MOV DPTR,#TEXT_S2
  170:	  00FB	11 48			ACALL LCD_OUT
  171:	  00FD	11 97			ACALL DELAY1
  172:	  00FF	80 14			SJMP GOBACK
  173:
  174:	  0101			FAIL:
  175:	  0101	11 63			ACALL CLRSCR
  176:	  0103	11 5E			ACALL LINE1
  177:	  0105	90 01 ED		MOV DPTR,#TEXT_F1
  178:	  0108	11 48			ACALL LCD_OUT
  179:	  010A	11 97			ACALL DELAY1
  180:	  010C	11 59			ACALL LINE2
  181:	  010E	90 01 FC		MOV DPTR,#TEXT_F2
  182:	  0111	11 48			ACALL LCD_OUT
  183:	  0113	11 97			ACALL DELAY1
  184:
  185:	  0115			GOBACK:
  186:	  0115	22			RET
  187:
  188:
  189:
  190:	  0116			KEY_SCAN:
  191:	  0116	75 B0 FF		MOV P3,#11111111B
  192:	  0119	C2 B0			CLR P3.0
  193:	  011B	20 B4 03		JB P3.4, NEXT1
  194:	  011E	74 31			MOV A,#49D
  195:	  0120	22			RET
  196:
  197:	  0121			NEXT1:
  198:	  0121	20 B5 03		JB P3.5,NEXT2
  199:	  0124	74 32			MOV A,#50D
  200:	  0126	22			RET
  201:
  202:	  0127			NEXT2:
  203:	  0127	20 B6 03		JB P3.6,NEXT3
  204:	  012A	74 33			MOV A,#51D
  205:	  012C	22			RET
  206:
  207:	  012D			NEXT3:
  208:	  012D	20 B7 03		JB P3.7,NEXT4
  209:	  0130	74 41			MOV A,#65D
  210:	  0132	22			RET
  211:

ASEM-51 V1.3                                         Copyright (c) 2002 by W.W. Heinz                                         PAGE 5



 Line  I  Addr  Code            Source

  212:	  0133			NEXT4:
  213:	  0133	D2 B0			SETB P3.0
  214:	  0135	C2 B1			CLR P3.1
  215:	  0137	20 B4 03		JB P3.4, NEXT5
  216:	  013A	74 34			MOV A,#52D
  217:	  013C	22			RET
  218:
  219:	  013D			NEXT5:
  220:	  013D	20 B5 03		JB P3.5,NEXT6
  221:	  0140	74 35			MOV A,#53D
  222:	  0142	22			RET
  223:
  224:	  0143			NEXT6:
  225:	  0143	20 B6 03		JB P3.6,NEXT7
  226:	  0146	74 36			MOV A,#54D
  227:	  0148	22			RET
  228:
  229:	  0149			NEXT7:
  230:	  0149	20 B7 03		JB P3.7,NEXT8
  231:	  014C	74 42			MOV A,#66D
  232:	  014E	22			RET
  233:
  234:	  014F			NEXT8:
  235:	  014F	D2 B1			SETB P3.1
  236:	  0151	C2 B2			CLR P3.2
  237:	  0153	20 B4 03		JB P3.4, NEXT9
  238:	  0156	74 37			MOV A,#55D
  239:	  0158	22			RET
  240:
  241:	  0159			NEXT9:
  242:	  0159	20 B5 03		JB P3.5,NEXT10
  243:	  015C	74 38			MOV A,#56D
  244:	  015E	22			RET
  245:
  246:	  015F			NEXT10:
  247:	  015F	20 B6 03		JB P3.6,NEXT11
  248:	  0162	74 39			MOV A,#57D
  249:	  0164	22			RET
  250:
  251:	  0165			NEXT11:
  252:	  0165	20 B7 03		JB P3.7,NEXT12
  253:	  0168	74 43			MOV A,#67D
  254:	  016A	22			RET
  255:
  256:	  016B			NEXT12:
  257:	  016B	D2 B2			SETB P3.2
  258:	  016D	C2 B3			CLR P3.3
  259:	  016F	20 B4 03		JB P3.4, NEXT13
  260:	  0172	74 2A			MOV A,#42D
  261:	  0174	22			RET
  262:
  263:	  0175			NEXT13:
  264:	  0175	20 B5 03		JB P3.5,NEXT14
  265:	  0178	74 30			MOV A,#48D
  266:	  017A	22			RET
  267:

ASEM-51 V1.3                                         Copyright (c) 2002 by W.W. Heinz                                         PAGE 6



 Line  I  Addr  Code            Source

  268:	  017B			NEXT14:
  269:	  017B	20 B6 03		JB P3.6,NEXT15
  270:	  017E	74 23			MOV A,#35D
  271:	  0180	22			RET
  272:
  273:	  0181			NEXT15:
  274:	  0181	20 B7 03		JB P3.7,NEXT16
  275:	  0184	74 44			MOV A,#68D
  276:	  0186	22			RET
  277:
  278:	  0187			NEXT16:
  279:	  0187	02 01 16		LJMP KEY_SCAN
  280:
  281:	  018A			INIT_COMMANDS:
  282:	  018A	0C 01 06 80		DB 0CH,01H,06H,80H,3CH,0
	  018E	3C 00
  283:
  284:	  0190	50 41 53 53	TEXT1: 	DB "PASSWORD BASED",0
	  0194	57 4F 52 44
	  0198	20 42 41 53
	  019C	45 44 00
  285:	  019F	53 45 43 55	TEXT2: 	DB "SECURITY SYSTEM",0
	  01A3	52 49 54 59
	  01A7	20 53 59 53
	  01AB	54 45 4D 00
  286:	  01AF	49 4E 50 55	IPMSG: 	DB "INPUT 5 DIGITS",0
	  01B3	54 20 35 20
	  01B7	44 49 47 49
	  01BB	54 53 00
  287:	  01BE	43 48 45 43	CHKMSG: DB "CHECKING PASSWORD",0
	  01C2	4B 49 4E 47
	  01C6	20 50 41 53
	  01CA	53 57 4F 52
	  01CE	44 00
  288:	  01D0	41 43 43 45	TEXT_S1:DB "ACCESS - GRANTED",0
	  01D4	53 53 20 2D
	  01D8	20 47 52 41
	  01DC	4E 54 45 44
	  01E0	00
  289:	  01E1	44 4F 4F 52	TEXT_S2:DB "DOOR OPENED",0
	  01E5	20 4F 50 45
	  01E9	4E 45 44 00
  290:	  01ED	57 52 4F 4E	TEXT_F1:DB "WRONG PASSWORD",0
	  01F1	47 20 50 41
	  01F5	53 53 57 4F
	  01F9	52 44 00
  291:	  01FC	41 43 43 45	TEXT_F2:DB "ACCESS DENIED",0
	  0200	53 53 20 44
	  0204	45 4E 49 45
	  0208	44 00
  292:	  020A	31 32 33 34	PASSW: 	DB 49D,50D,51D,52D,53D,0
	  020E	35 00
  293:				END




ASEM-51 V1.3                                         Copyright (c) 2002 by W.W. Heinz                                         PAGE 7





                     register banks used:  ---

                     no errors




ASEM-51 V1.3                                         Copyright (c) 2002 by W.W. Heinz                                         PAGE 8





	       L I S T   O F   S Y M B O L S
	       =============================


SYMBOL				  TYPE     VALUE	LINE
------------------------------------------------------------
??ASEM_51			  NUMBER    8051
??VERSION			  NUMBER    0130
AC				  BIT	      D6
ACC				  DATA	      E0
B				  DATA	      F0
BACK				  CODE	    0099	 107
BACK2				  CODE	    00AD	 122
CHECK_PASSWORD			  CODE	    00D9	 150
CHKMSG				  CODE	    01BE	 287
CLRSCR				  CODE	    0063	  69
CMD				  CODE	    0054	  54
CMD_WRITE			  CODE	    0068	  74
CY				  BIT	      D7
DATA_WRITE			  CODE	    0075	  83
DELAY				  CODE	    0082	  92
DELAY1				  CODE	    0097	 104
DELAY2				  CODE	    00AB	 119
DPH				  DATA	      83
DPL				  DATA	      82
E				  NUMBER    00A5	   3
EA				  BIT	      AF
ES				  BIT	      AC
ET0				  BIT	      A9
ET1				  BIT	      AB
EX0				  BIT	      A8
EX1				  BIT	      AA
EXIT				  CODE	    0058	  57
EXTI0				  CODE	    0003
EXTI1				  CODE	    0013
F0				  BIT	      D5
FAIL				  CODE	    0101	 174
GOBACK				  CODE	    0115	 185
HERE1				  CODE	    00A1	 112
HERE2				  CODE	    00B5	 127
IE				  DATA	      A8
IE0				  BIT	      89
IE1				  BIT	      8B
INIT_COMMANDS			  CODE	    018A	 281
INT0				  BIT	      B2
INT1				  BIT	      B3
IP				  DATA	      B8
IPMSG				  CODE	    01AF	 286
IT0				  BIT	      88
IT1				  BIT	      8A
KEY_SCAN			  CODE	    0116	 190
LCD_INIT			  CODE	    003E	  39
LCD_OUT				  CODE	    0048	  46
LINE1				  CODE	    005E	  64
LINE2				  CODE	    0059	  59
NEXT1				  CODE	    0121	 197

ASEM-51 V1.3                                         Copyright (c) 2002 by W.W. Heinz                                         PAGE 9



SYMBOL				  TYPE     VALUE	LINE
------------------------------------------------------------
NEXT10				  CODE	    015F	 246
NEXT11				  CODE	    0165	 251
NEXT12				  CODE	    016B	 256
NEXT13				  CODE	    0175	 263
NEXT14				  CODE	    017B	 268
NEXT15				  CODE	    0181	 273
NEXT16				  CODE	    0187	 278
NEXT2				  CODE	    0127	 202
NEXT3				  CODE	    012D	 207
NEXT4				  CODE	    0133	 212
NEXT5				  CODE	    013D	 219
NEXT6				  CODE	    0143	 224
NEXT7				  CODE	    0149	 229
NEXT8				  CODE	    014F	 234
NEXT9				  CODE	    0159	 241
OV				  BIT	      D2
P				  BIT	      D0
P0				  DATA	      80
P1				  DATA	      90
P2				  DATA	      A0
P3				  DATA	      B0
PASSW				  CODE	    020A	 292
PCON				  DATA	      87
PS				  BIT	      BC
PSW				  DATA	      D0
PT0				  BIT	      B9
PT1				  BIT	      BB
PX0				  BIT	      B8
PX1				  BIT	      BA
RB8				  BIT	      9A
RD				  BIT	      B7
READ_KEYPRESS			  CODE	    00BF	 134
REN				  BIT	      9C
RESET				  CODE	    0000
RI				  BIT	      98
ROTATE				  CODE	    00CE	 142
RPT				  CODE	    00E0	 154
RS				  NUMBER    00A7	   1
RS0				  BIT	      D3
RS1				  BIT	      D4
RW				  NUMBER    00A6	   2
RXD				  BIT	      B0
SBUF				  DATA	      99
SCON				  DATA	      98
SEL				  NUMBER    0041	   4
SINT				  CODE	    0023
SM0				  BIT	      9F
SM1				  BIT	      9E
SM2				  BIT	      9D
SP				  DATA	      81
START				  CODE	    0000	   6
T0				  BIT	      B4
T1				  BIT	      B5
TB8				  BIT	      9B
TCON				  DATA	      88
TEXT1				  CODE	    0190	 284

ASEM-51 V1.3                                        Copyright (c) 2002 by W.W. Heinz                                         PAGE 10



SYMBOL				  TYPE     VALUE	LINE
------------------------------------------------------------
TEXT2				  CODE	    019F	 285
TEXT_F1				  CODE	    01ED	 290
TEXT_F2				  CODE	    01FC	 291
TEXT_S1				  CODE	    01D0	 288
TEXT_S2				  CODE	    01E1	 289
TF0				  BIT	      8D
TF1				  BIT	      8F
TH0				  DATA	      8C
TH1				  DATA	      8D
TI				  BIT	      99
TIMER0				  CODE	    000B
TIMER1				  CODE	    001B
TL0				  DATA	      8A
TL1				  DATA	      8B
TMOD				  DATA	      89
TR0				  BIT	      8C
TR1				  BIT	      8E
TXD				  BIT	      B1
UTAMA				  CODE	    001B	  21
WR				  BIT	      B6
